------------------------------------------------------------
TimeQuest Timing Analyzer Summary
------------------------------------------------------------

Type  : Slow Model Setup 'clock'
Slack : -3.128
TNS   : -78.314

Type  : Slow Model Setup 'dzielnik:inst45|temp'
Slack : -2.748
TNS   : -32.390

Type  : Slow Model Hold 'clock'
Slack : -2.686
TNS   : -2.686

Type  : Slow Model Hold 'dzielnik:inst45|temp'
Slack : 0.445
TNS   : 0.000

Type  : Slow Model Recovery 'dzielnik:inst45|temp'
Slack : -0.631
TNS   : -7.512

Type  : Slow Model Removal 'dzielnik:inst45|temp'
Slack : 0.809
TNS   : 0.000

Type  : Slow Model Minimum Pulse Width 'clock'
Slack : -1.631
TNS   : -70.063

Type  : Slow Model Minimum Pulse Width 'dzielnik:inst45|temp'
Slack : -0.611
TNS   : -19.552

Type  : Fast Model Setup 'clock'
Slack : -0.693
TNS   : -7.846

Type  : Fast Model Setup 'dzielnik:inst45|temp'
Slack : -0.531
TNS   : -4.536

Type  : Fast Model Hold 'clock'
Slack : -1.715
TNS   : -1.715

Type  : Fast Model Hold 'dzielnik:inst45|temp'
Slack : 0.215
TNS   : 0.000

Type  : Fast Model Recovery 'dzielnik:inst45|temp'
Slack : 0.134
TNS   : 0.000

Type  : Fast Model Removal 'dzielnik:inst45|temp'
Slack : 0.531
TNS   : 0.000

Type  : Fast Model Minimum Pulse Width 'clock'
Slack : -1.380
TNS   : -57.380

Type  : Fast Model Minimum Pulse Width 'dzielnik:inst45|temp'
Slack : -0.500
TNS   : -16.000

------------------------------------------------------------
