Analysis & Synthesis report for stoperJedenPrzycisk
Mon Jan 07 14:16:06 2019
Quartus II 32-bit Version 13.0.1 Build 232 06/12/2013 Service Pack 1 SJ Web Edition


---------------------
; Table of Contents ;
---------------------
  1. Legal Notice
  2. Analysis & Synthesis Summary
  3. Analysis & Synthesis Settings
  4. Parallel Compilation
  5. Analysis & Synthesis Source Files Read
  6. Analysis & Synthesis Resource Usage Summary
  7. Analysis & Synthesis Resource Utilization by Entity
  8. General Register Statistics
  9. Inverted Register Statistics
 10. Multiplexer Restructuring Statistics (Restructuring Performed)
 11. Elapsed Time Per Partition
 12. Analysis & Synthesis Messages



----------------
; Legal Notice ;
----------------
Copyright (C) 1991-2013 Altera Corporation
Your use of Altera Corporation's design tools, logic functions 
and other software and tools, and its AMPP partner logic 
functions, and any output files from any of the foregoing 
(including device programming or simulation files), and any 
associated documentation or information are expressly subject 
to the terms and conditions of the Altera Program License 
Subscription Agreement, Altera MegaCore Function License 
Agreement, or other applicable license agreement, including, 
without limitation, that your use is for the sole purpose of 
programming logic devices manufactured by Altera and sold by 
Altera or its authorized distributors.  Please refer to the 
applicable agreement for further details.



+--------------------------------------------------------------------------------------+
; Analysis & Synthesis Summary                                                         ;
+------------------------------------+-------------------------------------------------+
; Analysis & Synthesis Status        ; Successful - Mon Jan 07 14:16:06 2019           ;
; Quartus II 32-bit Version          ; 13.0.1 Build 232 06/12/2013 SP 1 SJ Web Edition ;
; Revision Name                      ; stoperJedenPrzycisk                             ;
; Top-level Entity Name              ; Block1                                          ;
; Family                             ; Cyclone II                                      ;
; Total logic elements               ; 109                                             ;
;     Total combinational functions  ; 109                                             ;
;     Dedicated logic registers      ; 72                                              ;
; Total registers                    ; 72                                              ;
; Total pins                         ; 30                                              ;
; Total virtual pins                 ; 0                                               ;
; Total memory bits                  ; 0                                               ;
; Embedded Multiplier 9-bit elements ; 0                                               ;
; Total PLLs                         ; 0                                               ;
+------------------------------------+-------------------------------------------------+


+-----------------------------------------------------------------------------------------------------------------------+
; Analysis & Synthesis Settings                                                                                         ;
+----------------------------------------------------------------------------+--------------------+---------------------+
; Option                                                                     ; Setting            ; Default Value       ;
+----------------------------------------------------------------------------+--------------------+---------------------+
; Device                                                                     ; EP2C20F484C7       ;                     ;
; Top-level entity name                                                      ; Block1             ; stoperJedenPrzycisk ;
; Family name                                                                ; Cyclone II         ; Cyclone V           ;
; Use smart compilation                                                      ; Off                ; Off                 ;
; Enable parallel Assembler and TimeQuest Timing Analyzer during compilation ; On                 ; On                  ;
; Enable compact report table                                                ; Off                ; Off                 ;
; Restructure Multiplexers                                                   ; Auto               ; Auto                ;
; Create Debugging Nodes for IP Cores                                        ; Off                ; Off                 ;
; Preserve fewer node names                                                  ; On                 ; On                  ;
; Disable OpenCore Plus hardware evaluation                                  ; Off                ; Off                 ;
; Verilog Version                                                            ; Verilog_2001       ; Verilog_2001        ;
; VHDL Version                                                               ; VHDL_1993          ; VHDL_1993           ;
; State Machine Processing                                                   ; Auto               ; Auto                ;
; Safe State Machine                                                         ; Off                ; Off                 ;
; Extract Verilog State Machines                                             ; On                 ; On                  ;
; Extract VHDL State Machines                                                ; On                 ; On                  ;
; Ignore Verilog initial constructs                                          ; Off                ; Off                 ;
; Iteration limit for constant Verilog loops                                 ; 5000               ; 5000                ;
; Iteration limit for non-constant Verilog loops                             ; 250                ; 250                 ;
; Add Pass-Through Logic to Inferred RAMs                                    ; On                 ; On                  ;
; Infer RAMs from Raw Logic                                                  ; On                 ; On                  ;
; Parallel Synthesis                                                         ; On                 ; On                  ;
; DSP Block Balancing                                                        ; Auto               ; Auto                ;
; NOT Gate Push-Back                                                         ; On                 ; On                  ;
; Power-Up Don't Care                                                        ; On                 ; On                  ;
; Remove Redundant Logic Cells                                               ; Off                ; Off                 ;
; Remove Duplicate Registers                                                 ; On                 ; On                  ;
; Ignore CARRY Buffers                                                       ; Off                ; Off                 ;
; Ignore CASCADE Buffers                                                     ; Off                ; Off                 ;
; Ignore GLOBAL Buffers                                                      ; Off                ; Off                 ;
; Ignore ROW GLOBAL Buffers                                                  ; Off                ; Off                 ;
; Ignore LCELL Buffers                                                       ; Off                ; Off                 ;
; Ignore SOFT Buffers                                                        ; On                 ; On                  ;
; Limit AHDL Integers to 32 Bits                                             ; Off                ; Off                 ;
; Optimization Technique                                                     ; Balanced           ; Balanced            ;
; Carry Chain Length                                                         ; 70                 ; 70                  ;
; Auto Carry Chains                                                          ; On                 ; On                  ;
; Auto Open-Drain Pins                                                       ; On                 ; On                  ;
; Perform WYSIWYG Primitive Resynthesis                                      ; Off                ; Off                 ;
; Auto ROM Replacement                                                       ; On                 ; On                  ;
; Auto RAM Replacement                                                       ; On                 ; On                  ;
; Auto Shift Register Replacement                                            ; Auto               ; Auto                ;
; Allow Shift Register Merging across Hierarchies                            ; Auto               ; Auto                ;
; Auto Clock Enable Replacement                                              ; On                 ; On                  ;
; Strict RAM Replacement                                                     ; Off                ; Off                 ;
; Allow Synchronous Control Signals                                          ; On                 ; On                  ;
; Force Use of Synchronous Clear Signals                                     ; Off                ; Off                 ;
; Auto RAM to Logic Cell Conversion                                          ; Off                ; Off                 ;
; Auto Resource Sharing                                                      ; Off                ; Off                 ;
; Allow Any RAM Size For Recognition                                         ; Off                ; Off                 ;
; Allow Any ROM Size For Recognition                                         ; Off                ; Off                 ;
; Allow Any Shift Register Size For Recognition                              ; Off                ; Off                 ;
; Use LogicLock Constraints during Resource Balancing                        ; On                 ; On                  ;
; Ignore translate_off and synthesis_off directives                          ; Off                ; Off                 ;
; Timing-Driven Synthesis                                                    ; Off                ; Off                 ;
; Report Parameter Settings                                                  ; On                 ; On                  ;
; Report Source Assignments                                                  ; On                 ; On                  ;
; Report Connectivity Checks                                                 ; On                 ; On                  ;
; Ignore Maximum Fan-Out Assignments                                         ; Off                ; Off                 ;
; Synchronization Register Chain Length                                      ; 2                  ; 2                   ;
; PowerPlay Power Optimization                                               ; Normal compilation ; Normal compilation  ;
; HDL message level                                                          ; Level2             ; Level2              ;
; Suppress Register Optimization Related Messages                            ; Off                ; Off                 ;
; Number of Removed Registers Reported in Synthesis Report                   ; 5000               ; 5000                ;
; Number of Swept Nodes Reported in Synthesis Report                         ; 5000               ; 5000                ;
; Number of Inverted Registers Reported in Synthesis Report                  ; 100                ; 100                 ;
; Clock MUX Protection                                                       ; On                 ; On                  ;
; Auto Gated Clock Conversion                                                ; Off                ; Off                 ;
; Block Design Naming                                                        ; Auto               ; Auto                ;
; SDC constraint protection                                                  ; Off                ; Off                 ;
; Synthesis Effort                                                           ; Auto               ; Auto                ;
; Shift Register Replacement - Allow Asynchronous Clear Signal               ; On                 ; On                  ;
; Pre-Mapping Resynthesis Optimization                                       ; Off                ; Off                 ;
; Analysis & Synthesis Message Level                                         ; Medium             ; Medium              ;
; Disable Register Merging Across Hierarchies                                ; Auto               ; Auto                ;
; Resource Aware Inference For Block RAM                                     ; On                 ; On                  ;
; Synthesis Seed                                                             ; 1                  ; 1                   ;
+----------------------------------------------------------------------------+--------------------+---------------------+


Parallel compilation was disabled, but you have multiple processors available. Enable parallel compilation to reduce compilation time.
+-------------------------------------+
; Parallel Compilation                ;
+----------------------------+--------+
; Processors                 ; Number ;
+----------------------------+--------+
; Number detected on machine ; 4      ;
; Maximum allowed            ; 1      ;
+----------------------------+--------+


+-----------------------------------------------------------------------------------------------------------------------------------------------------------+
; Analysis & Synthesis Source Files Read                                                                                                                    ;
+----------------------------------+-----------------+------------------------------------+-------------------------------------------------------+---------+
; File Name with User-Entered Path ; Used in Netlist ; File Type                          ; File Name with Absolute Path                          ; Library ;
+----------------------------------+-----------------+------------------------------------+-------------------------------------------------------+---------+
; dzielnik.vhd                     ; yes             ; User VHDL File                     ; D:/KSUC/Grupa C/sroda/timewatch vhdl/dzielnik.vhd     ;         ;
; sevenSeg.vhd                     ; yes             ; User VHDL File                     ; D:/KSUC/Grupa C/sroda/timewatch vhdl/sevenSeg.vhd     ;         ;
; buttonLogika.vhd                 ; yes             ; User VHDL File                     ; D:/KSUC/Grupa C/sroda/timewatch vhdl/buttonLogika.vhd ;         ;
; licznik16bit.vhd                 ; yes             ; User VHDL File                     ; D:/KSUC/Grupa C/sroda/timewatch vhdl/licznik16bit.vhd ;         ;
; Block1.bdf                       ; yes             ; User Block Diagram/Schematic File  ; D:/KSUC/Grupa C/sroda/timewatch vhdl/Block1.bdf       ;         ;
+----------------------------------+-----------------+------------------------------------+-------------------------------------------------------+---------+


+-----------------------------------------------------+
; Analysis & Synthesis Resource Usage Summary         ;
+---------------------------------------------+-------+
; Resource                                    ; Usage ;
+---------------------------------------------+-------+
; Estimated Total logic elements              ; 109   ;
;                                             ;       ;
; Total combinational functions               ; 109   ;
; Logic element usage by number of LUT inputs ;       ;
;     -- 4 input functions                    ; 52    ;
;     -- 3 input functions                    ; 15    ;
;     -- <=2 input functions                  ; 42    ;
;                                             ;       ;
; Logic elements by mode                      ;       ;
;     -- normal mode                          ; 88    ;
;     -- arithmetic mode                      ; 21    ;
;                                             ;       ;
; Total registers                             ; 72    ;
;     -- Dedicated logic registers            ; 72    ;
;     -- I/O registers                        ; 0     ;
;                                             ;       ;
; I/O pins                                    ; 30    ;
; Embedded Multiplier 9-bit elements          ; 0     ;
; Maximum fan-out node                        ; clock ;
; Maximum fan-out                             ; 56    ;
; Total fan-out                               ; 522   ;
; Average fan-out                             ; 2.47  ;
+---------------------------------------------+-------+


+-------------------------------------------------------------------------------------------------------------------------------------------------------------------------------------+
; Analysis & Synthesis Resource Utilization by Entity                                                                                                                                 ;
+----------------------------+-------------------+--------------+-------------+--------------+---------+-----------+------+--------------+-----------------------------+--------------+
; Compilation Hierarchy Node ; LC Combinationals ; LC Registers ; Memory Bits ; DSP Elements ; DSP 9x9 ; DSP 18x18 ; Pins ; Virtual Pins ; Full Hierarchy Name         ; Library Name ;
+----------------------------+-------------------+--------------+-------------+--------------+---------+-----------+------+--------------+-----------------------------+--------------+
; |Block1                    ; 109 (0)           ; 72 (0)       ; 0           ; 0            ; 0       ; 0         ; 30   ; 0            ; |Block1                     ; work         ;
;    |buttonLogika:inst50|   ; 6 (6)             ; 5 (5)        ; 0           ; 0            ; 0       ; 0         ; 0    ; 0            ; |Block1|buttonLogika:inst50 ; work         ;
;    |dzielnik:inst45|       ; 52 (52)           ; 23 (23)      ; 0           ; 0            ; 0       ; 0         ; 0    ; 0            ; |Block1|dzielnik:inst45     ; work         ;
;    |licznik16bit:inst|     ; 23 (23)           ; 16 (16)      ; 0           ; 0            ; 0       ; 0         ; 0    ; 0            ; |Block1|licznik16bit:inst   ; work         ;
;    |sevenSeg:inst6|        ; 7 (7)             ; 7 (7)        ; 0           ; 0            ; 0       ; 0         ; 0    ; 0            ; |Block1|sevenSeg:inst6      ; work         ;
;    |sevenSeg:inst7|        ; 7 (7)             ; 7 (7)        ; 0           ; 0            ; 0       ; 0         ; 0    ; 0            ; |Block1|sevenSeg:inst7      ; work         ;
;    |sevenSeg:inst8|        ; 7 (7)             ; 7 (7)        ; 0           ; 0            ; 0       ; 0         ; 0    ; 0            ; |Block1|sevenSeg:inst8      ; work         ;
;    |sevenSeg:inst9|        ; 7 (7)             ; 7 (7)        ; 0           ; 0            ; 0       ; 0         ; 0    ; 0            ; |Block1|sevenSeg:inst9      ; work         ;
+----------------------------+-------------------+--------------+-------------+--------------+---------+-----------+------+--------------+-----------------------------+--------------+
Note: For table entries with two numbers listed, the numbers in parentheses indicate the number of resources of the given type used by the specific entity alone. The numbers listed outside of parentheses indicate the total resources of the given type used by the specific entity and all of its sub-entities in the hierarchy.


+------------------------------------------------------+
; General Register Statistics                          ;
+----------------------------------------------+-------+
; Statistic                                    ; Value ;
+----------------------------------------------+-------+
; Total registers                              ; 72    ;
; Number of registers using Synchronous Clear  ; 0     ;
; Number of registers using Synchronous Load   ; 0     ;
; Number of registers using Asynchronous Clear ; 16    ;
; Number of registers using Asynchronous Load  ; 0     ;
; Number of registers using Clock Enable       ; 15    ;
; Number of registers using Preset             ; 0     ;
+----------------------------------------------+-------+


+---------------------------------------------------+
; Inverted Register Statistics                      ;
+-----------------------------------------+---------+
; Inverted Register                       ; Fan out ;
+-----------------------------------------+---------+
; dzielnik:inst45|counter[1]              ; 2       ;
; dzielnik:inst45|counter[0]              ; 2       ;
; dzielnik:inst45|counter[2]              ; 2       ;
; dzielnik:inst45|counter[3]              ; 2       ;
; dzielnik:inst45|counter[4]              ; 2       ;
; dzielnik:inst45|counter[7]              ; 2       ;
; dzielnik:inst45|counter[8]              ; 2       ;
; dzielnik:inst45|counter[10]             ; 2       ;
; dzielnik:inst45|counter[13]             ; 2       ;
; dzielnik:inst45|counter[17]             ; 2       ;
; dzielnik:inst45|counter[18]             ; 2       ;
; dzielnik:inst45|counter[21]             ; 2       ;
; Total number of inverted registers = 12 ;         ;
+-----------------------------------------+---------+


+-------------------------------------------------------------------------------------------------------------------------------------------------+
; Multiplexer Restructuring Statistics (Restructuring Performed)                                                                                  ;
+--------------------+-----------+---------------+----------------------+------------------------+------------+-----------------------------------+
; Multiplexer Inputs ; Bus Width ; Baseline Area ; Area if Restructured ; Saving if Restructured ; Registered ; Example Multiplexer Output        ;
+--------------------+-----------+---------------+----------------------+------------------------+------------+-----------------------------------+
; 8:1                ; 2 bits    ; 10 LEs        ; 8 LEs                ; 2 LEs                  ; Yes        ; |Block1|buttonLogika:inst50|reset ;
+--------------------+-----------+---------------+----------------------+------------------------+------------+-----------------------------------+


+-------------------------------+
; Elapsed Time Per Partition    ;
+----------------+--------------+
; Partition Name ; Elapsed Time ;
+----------------+--------------+
; Top            ; 00:00:00     ;
+----------------+--------------+


+-------------------------------+
; Analysis & Synthesis Messages ;
+-------------------------------+
Info: *******************************************************************
Info: Running Quartus II 32-bit Analysis & Synthesis
    Info: Version 13.0.1 Build 232 06/12/2013 Service Pack 1 SJ Web Edition
    Info: Processing started: Mon Jan 07 14:16:03 2019
Info: Command: quartus_map --read_settings_files=on --write_settings_files=off stoperJedenPrzycisk -c stoperJedenPrzycisk
Warning (20028): Parallel compilation is not licensed and has been disabled
Info (12021): Found 2 design units, including 1 entities, in source file dzielnik.vhd
    Info (12022): Found design unit 1: dzielnik-Behavioral
    Info (12023): Found entity 1: dzielnik
Info (12021): Found 2 design units, including 1 entities, in source file sevenseg.vhd
    Info (12022): Found design unit 1: sevenSeg-Behavioral
    Info (12023): Found entity 1: sevenSeg
Info (12021): Found 2 design units, including 1 entities, in source file buttonlogika.vhd
    Info (12022): Found design unit 1: buttonLogika-Behavioral
    Info (12023): Found entity 1: buttonLogika
Info (12021): Found 2 design units, including 1 entities, in source file licznik16bit.vhd
    Info (12022): Found design unit 1: licznik16bit-Behavioral
    Info (12023): Found entity 1: licznik16bit
Info (12021): Found 1 design units, including 1 entities, in source file block1.bdf
    Info (12023): Found entity 1: Block1
Info (12127): Elaborating entity "Block1" for the top level hierarchy
Warning (275083): Bus "segment72[0]" found using same base name as "segment7", which might lead to a name conflict.
Warning (275083): Bus "segment72[1]" found using same base name as "segment7", which might lead to a name conflict.
Warning (275083): Bus "segment72[2]" found using same base name as "segment7", which might lead to a name conflict.
Warning (275083): Bus "segment72[3]" found using same base name as "segment7", which might lead to a name conflict.
Warning (275083): Bus "segment72[4]" found using same base name as "segment7", which might lead to a name conflict.
Warning (275083): Bus "segment72[5]" found using same base name as "segment7", which might lead to a name conflict.
Warning (275083): Bus "segment72[6]" found using same base name as "segment7", which might lead to a name conflict.
Warning (275083): Bus "segment73[0]" found using same base name as "segment7", which might lead to a name conflict.
Warning (275083): Bus "segment73[1]" found using same base name as "segment7", which might lead to a name conflict.
Warning (275083): Bus "segment73[2]" found using same base name as "segment7", which might lead to a name conflict.
Warning (275083): Bus "segment73[3]" found using same base name as "segment7", which might lead to a name conflict.
Warning (275083): Bus "segment73[4]" found using same base name as "segment7", which might lead to a name conflict.
Warning (275083): Bus "segment73[5]" found using same base name as "segment7", which might lead to a name conflict.
Warning (275083): Bus "segment73[6]" found using same base name as "segment7", which might lead to a name conflict.
Warning (275083): Bus "segment74[0]" found using same base name as "segment7", which might lead to a name conflict.
Warning (275083): Bus "segment74[1]" found using same base name as "segment7", which might lead to a name conflict.
Warning (275083): Bus "segment74[2]" found using same base name as "segment7", which might lead to a name conflict.
Warning (275083): Bus "segment74[3]" found using same base name as "segment7", which might lead to a name conflict.
Warning (275083): Bus "segment74[4]" found using same base name as "segment7", which might lead to a name conflict.
Warning (275083): Bus "segment74[5]" found using same base name as "segment7", which might lead to a name conflict.
Warning (275083): Bus "segment74[6]" found using same base name as "segment7", which might lead to a name conflict.
Warning (275083): Bus "segment72[6..0]" found using same base name as "segment7", which might lead to a name conflict.
Warning (275083): Bus "segment73[6..0]" found using same base name as "segment7", which might lead to a name conflict.
Warning (275083): Bus "segment74[6..0]" found using same base name as "segment7", which might lead to a name conflict.
Warning (275080): Converted elements in bus name "segment7" using legacy naming rules. Make any assignments on the new names, not on the original names.
    Warning (275081): Converted element name(s) from "segment7[0]" to "segment70"
    Warning (275081): Converted element name(s) from "segment7[1]" to "segment71"
    Warning (275081): Converted element name(s) from "segment7[2]" to "segment72"
    Warning (275081): Converted element name(s) from "segment7[3]" to "segment73"
    Warning (275081): Converted element name(s) from "segment7[4]" to "segment74"
    Warning (275081): Converted element name(s) from "segment7[5]" to "segment75"
    Warning (275081): Converted element name(s) from "segment7[6]" to "segment76"
    Warning (275081): Converted element name(s) from "segment7[6..0]" to "segment76..0"
Warning (275080): Converted elements in bus name "segment72" using legacy naming rules. Make any assignments on the new names, not on the original names.
    Warning (275081): Converted element name(s) from "segment72[0]" to "segment720"
    Warning (275081): Converted element name(s) from "segment72[1]" to "segment721"
    Warning (275081): Converted element name(s) from "segment72[2]" to "segment722"
    Warning (275081): Converted element name(s) from "segment72[3]" to "segment723"
    Warning (275081): Converted element name(s) from "segment72[4]" to "segment724"
    Warning (275081): Converted element name(s) from "segment72[5]" to "segment725"
    Warning (275081): Converted element name(s) from "segment72[6]" to "segment726"
    Warning (275081): Converted element name(s) from "segment72[6..0]" to "segment726..0"
Warning (275080): Converted elements in bus name "segment73" using legacy naming rules. Make any assignments on the new names, not on the original names.
    Warning (275081): Converted element name(s) from "segment73[0]" to "segment730"
    Warning (275081): Converted element name(s) from "segment73[1]" to "segment731"
    Warning (275081): Converted element name(s) from "segment73[2]" to "segment732"
    Warning (275081): Converted element name(s) from "segment73[3]" to "segment733"
    Warning (275081): Converted element name(s) from "segment73[4]" to "segment734"
    Warning (275081): Converted element name(s) from "segment73[5]" to "segment735"
    Warning (275081): Converted element name(s) from "segment73[6]" to "segment736"
    Warning (275081): Converted element name(s) from "segment73[6..0]" to "segment736..0"
Warning (275080): Converted elements in bus name "segment74" using legacy naming rules. Make any assignments on the new names, not on the original names.
    Warning (275081): Converted element name(s) from "segment74[0]" to "segment740"
    Warning (275081): Converted element name(s) from "segment74[1]" to "segment741"
    Warning (275081): Converted element name(s) from "segment74[2]" to "segment742"
    Warning (275081): Converted element name(s) from "segment74[3]" to "segment743"
    Warning (275081): Converted element name(s) from "segment74[4]" to "segment744"
    Warning (275081): Converted element name(s) from "segment74[5]" to "segment745"
    Warning (275081): Converted element name(s) from "segment74[6]" to "segment746"
    Warning (275081): Converted element name(s) from "segment74[6..0]" to "segment746..0"
Info (12128): Elaborating entity "sevenSeg" for hierarchy "sevenSeg:inst9"
Info (12128): Elaborating entity "licznik16bit" for hierarchy "licznik16bit:inst"
Warning (10492): VHDL Process Statement warning at licznik16bit.vhd(29): signal "enable" is read inside the Process Statement but isn't in the Process Statement's sensitivity list
Info (12128): Elaborating entity "buttonLogika" for hierarchy "buttonLogika:inst50"
Info (12128): Elaborating entity "dzielnik" for hierarchy "dzielnik:inst45"
Info (16010): Generating hard_block partition "hard_block:auto_generated_inst"
    Info (16011): Adding 0 node(s), including 0 DDIO, 0 PLL, 0 transceiver and 0 LCELL
Info (21057): Implemented 139 device resources after synthesis - the final resource count might be different
    Info (21058): Implemented 2 input pins
    Info (21059): Implemented 28 output pins
    Info (21061): Implemented 109 logic cells
Info: Quartus II 32-bit Analysis & Synthesis was successful. 0 errors, 62 warnings
    Info: Peak virtual memory: 367 megabytes
    Info: Processing ended: Mon Jan 07 14:16:06 2019
    Info: Elapsed time: 00:00:03
    Info: Total CPU time (on all processors): 00:00:03


